192.168.1.10 - - [09/Jun/2026:08:00:00 +0000] "GET / HTTP/1.1" 200 4521 "-" "Mozilla/5.0 (Windows NT 10.0; Win64; x64)"
10.0.0.5 - - [09/Jun/2026:08:03:07 +0000] "GET /api/users HTTP/1.1" 200 1842 "https://example.com/" "Mozilla/5.0 (Macintosh; Intel Mac OS X 10_15_7)"
172.16.0.22 - - [09/Jun/2026:08:06:14 +0000] "POST /api/orders HTTP/1.1" 201 512 "-" "python-requests/2.31.0"
203.0.113.44 - - [09/Jun/2026:08:09:21 +0000] "GET /static/css/main.css HTTP/1.1" 200 8934 "https://example.com/" "Mozilla/5.0 (Windows NT 10.0; Win64; x64)"
198.51.100.7 - - [09/Jun/2026:08:12:28 +0000] "GET /favicon.ico HTTP/1.1" 404 162 "-" "Mozilla/5.0 (Macintosh; Intel Mac OS X 10_15_7)"
10.0.0.12 - - [09/Jun/2026:08:15:35 +0000] "GET /health HTTP/1.1" 200 15 "-" "curl/8.4.0"
192.168.1.55 - - [09/Jun/2026:08:18:42 +0000] "GET /api/products HTTP/1.1" 200 3291 "https://example.com/" "Mozilla/5.0 (Windows NT 10.0; Win64; x64)"
172.16.0.88 - - [09/Jun/2026:08:21:49 +0000] "GET /login HTTP/1.1" 200 2104 "-" "Mozilla/5.0 (Macintosh; Intel Mac OS X 10_15_7)"
192.168.1.10 - - [09/Jun/2026:08:24:56 +0000] "POST /login HTTP/1.1" 302 0 "https://example.com/login" "Mozilla/5.0 (Windows NT 10.0; Win64; x64)"
10.0.0.5 - - [09/Jun/2026:08:28:03 +0000] "GET /dashboard HTTP/1.1" 200 7812 "https://example.com/" "Mozilla/5.0 (Macintosh; Intel Mac OS X 10_15_7)"
172.16.0.22 - - [09/Jun/2026:08:31:10 +0000] "GET /api/search?q=widget HTTP/1.1" 200 1456 "-" "python-requests/2.31.0"
203.0.113.44 - - [09/Jun/2026:08:34:17 +0000] "GET /static/js/app.js HTTP/1.1" 200 24567 "https://example.com/" "Mozilla/5.0 (Windows NT 10.0; Win64; x64)"
198.51.100.7 - - [09/Jun/2026:08:37:24 +0000] "GET /api/reports HTTP/1.1" 401 58 "-" "curl/8.4.0"
10.0.0.12 - - [09/Jun/2026:08:40:31 +0000] "GET /metrics HTTP/1.1" 200 4096 "-" "Googlebot/2.1 (+http://www.google.com/bot.html)"
192.168.1.55 - - [09/Jun/2026:08:43:38 +0000] "DELETE /api/orders/42 HTTP/1.1" 204 0 "https://example.com/" "Mozilla/5.0 (Windows NT 10.0; Win64; x64)"
172.16.0.88 - - [09/Jun/2026:08:46:45 +0000] "GET /api/settings HTTP/1.1" 200 892 "-" "Mozilla/5.0 (Macintosh; Intel Mac OS X 10_15_7)"
192.168.1.10 - - [09/Jun/2026:08:49:52 +0000] "PUT /api/users/7 HTTP/1.1" 200 445 "https://example.com/" "python-requests/2.31.0"
10.0.0.5 - - [09/Jun/2026:08:52:59 +0000] "GET /docs HTTP/1.1" 200 12034 "-" "Mozilla/5.0 (Windows NT 10.0; Win64; x64)"
172.16.0.22 - - [09/Jun/2026:08:56:06 +0000] "GET /api/v2/items HTTP/1.1" 200 5678 "https://example.com/" "Mozilla/5.0 (Macintosh; Intel Mac OS X 10_15_7)"
203.0.113.44 - - [09/Jun/2026:08:59:13 +0000] "HEAD /health HTTP/1.1" 200 0 "-" "curl/8.4.0"
198.51.100.7 - - [09/Jun/2026:09:02:20 +0000] "GET /static/img/logo.png HTTP/1.1" 304 0 "https://example.com/" "Mozilla/5.0 (Windows NT 10.0; Win64; x64)"
10.0.0.12 - - [09/Jun/2026:09:05:27 +0000] "GET /api/products?page=2 HTTP/1.1" 200 2987 "-" "Mozilla/5.0 (Macintosh; Intel Mac OS X 10_15_7)"
192.168.1.55 - - [09/Jun/2026:09:08:34 +0000] "GET /unknown-route HTTP/1.1" 404 178 "-" "Mozilla/5.0 (Windows NT 10.0; Win64; x64)"
172.16.0.88 - - [09/Jun/2026:09:11:41 +0000] "POST /api/orders HTTP/1.1" 500 0 "-" "python-requests/2.31.0"
192.168.1.10 - - [09/Jun/2026:09:14:48 +0000] "GET / HTTP/1.1" 200 4521 "https://example.com/" "Mozilla/5.0 (Macintosh; Intel Mac OS X 10_15_7)"
10.0.0.5 - - [09/Jun/2026:09:17:55 +0000] "GET /api/users HTTP/1.1" 200 1842 "-" "curl/8.4.0"
172.16.0.22 - - [09/Jun/2026:09:21:02 +0000] "GET /logout HTTP/1.1" 302 0 "https://example.com/dashboard" "Mozilla/5.0 (Windows NT 10.0; Win64; x64)"
203.0.113.44 - - [09/Jun/2026:09:24:09 +0000] "GET /static/css/main.css HTTP/1.1" 304 0 "https://example.com/" "Mozilla/5.0 (Macintosh; Intel Mac OS X 10_15_7)"
198.51.100.7 - - [09/Jun/2026:09:27:16 +0000] "GET /api/search HTTP/1.1" 400 72 "-" "python-requests/2.31.0"
10.0.0.12 - - [09/Jun/2026:09:30:23 +0000] "GET /dashboard HTTP/1.1" 200 7812 "https://example.com/" "Mozilla/5.0 (Windows NT 10.0; Win64; x64)"
192.168.1.55 - - [09/Jun/2026:09:33:30 +0000] "GET /api/products HTTP/1.1" 200 3291 "-" "Googlebot/2.1 (+http://www.google.com/bot.html)"
172.16.0.88 - - [09/Jun/2026:09:36:37 +0000] "GET /favicon.ico HTTP/1.1" 404 162 "https://example.com/" "Mozilla/5.0 (Macintosh; Intel Mac OS X 10_15_7)"
192.168.1.10 - - [09/Jun/2026:09:39:44 +0000] "GET /health HTTP/1.1" 200 15 "-" "curl/8.4.0"
10.0.0.5 - - [09/Jun/2026:09:42:51 +0000] "POST /api/orders HTTP/1.1" 201 512 "https://example.com/" "Mozilla/5.0 (Windows NT 10.0; Win64; x64)"
172.16.0.22 - - [09/Jun/2026:09:45:58 +0000] "GET /api/reports HTTP/1.1" 403 89 "-" "Mozilla/5.0 (Macintosh; Intel Mac OS X 10_15_7)"
203.0.113.44 - - [09/Jun/2026:09:49:05 +0000] "GET /static/js/app.js HTTP/1.1" 200 24567 "https://example.com/" "Mozilla/5.0 (Windows NT 10.0; Win64; x64)"
198.51.100.7 - - [09/Jun/2026:09:52:12 +0000] "GET /login HTTP/1.1" 200 2104 "-" "Mozilla/5.0 (Macintosh; Intel Mac OS X 10_15_7)"
10.0.0.12 - - [09/Jun/2026:09:55:19 +0000] "GET /api/users HTTP/1.1" 200 1842 "https://example.com/" "python-requests/2.31.0"
192.168.1.55 - - [09/Jun/2026:09:58:26 +0000] "GET / HTTP/1.1" 200 4521 "-" "Mozilla/5.0 (Windows NT 10.0; Win64; x64)"
172.16.0.88 - - [09/Jun/2026:10:01:33 +0000] "GET /api/products HTTP/1.1" 200 3291 "https://example.com/" "Mozilla/5.0 (Macintosh; Intel Mac OS X 10_15_7)"
192.168.1.10 - - [09/Jun/2026:10:04:40 +0000] "GET /dashboard HTTP/1.1" 200 7812 "-" "curl/8.4.0"
10.0.0.5 - - [09/Jun/2026:10:07:47 +0000] "GET /static/css/main.css HTTP/1.1" 200 8934 "https://example.com/" "Mozilla/5.0 (Windows NT 10.0; Win64; x64)"
172.16.0.22 - - [09/Jun/2026:10:10:54 +0000] "GET /api/search?q=test HTTP/1.1" 200 987 "-" "Mozilla/5.0 (Macintosh; Intel Mac OS X 10_15_7)"
203.0.113.44 - - [09/Jun/2026:10:14:01 +0000] "GET /missing HTTP/1.1" 404 178 "https://example.com/" "Mozilla/5.0 (Windows NT 10.0; Win64; x64)"
198.51.100.7 - - [09/Jun/2026:10:17:08 +0000] "GET /api/settings HTTP/1.1" 200 892 "-" "python-requests/2.31.0"
10.0.0.12 - - [09/Jun/2026:10:20:15 +0000] "POST /login HTTP/1.1" 401 58 "https://example.com/login" "Mozilla/5.0 (Macintosh; Intel Mac OS X 10_15_7)"
192.168.1.55 - - [09/Jun/2026:10:23:22 +0000] "GET /docs HTTP/1.1" 200 12034 "-" "Mozilla/5.0 (Windows NT 10.0; Win64; x64)"
172.16.0.88 - - [09/Jun/2026:10:26:29 +0000] "GET /metrics HTTP/1.1" 200 4096 "-" "Googlebot/2.1 (+http://www.google.com/bot.html)"
192.168.1.10 - - [09/Jun/2026:10:29:36 +0000] "GET /api/v2/items HTTP/1.1" 200 5678 "https://example.com/" "Mozilla/5.0 (Macintosh; Intel Mac OS X 10_15_7)"
10.0.0.5 - - [09/Jun/2026:10:32:43 +0000] "GET /static/img/logo.png HTTP/1.1" 200 15432 "-" "Mozilla/5.0 (Windows NT 10.0; Win64; x64)"
172.16.0.22 - - [09/Jun/2026:10:35:50 +0000] "GET /health HTTP/1.1" 200 15 "-" "curl/8.4.0"
203.0.113.44 - - [09/Jun/2026:10:38:57 +0000] "GET /api/users HTTP/1.1" 200 1842 "https://example.com/" "Mozilla/5.0 (Macintosh; Intel Mac OS X 10_15_7)"
198.51.100.7 - - [09/Jun/2026:10:42:04 +0000] "GET / HTTP/1.1" 200 4521 "-" "Mozilla/5.0 (Windows NT 10.0; Win64; x64)"
10.0.0.12 - - [09/Jun/2026:10:45:11 +0000] "GET /api/products HTTP/1.1" 200 3291 "https://example.com/" "python-requests/2.31.0"
192.168.1.55 - - [09/Jun/2026:10:48:18 +0000] "GET /dashboard HTTP/1.1" 200 7812 "-" "Mozilla/5.0 (Macintosh; Intel Mac OS X 10_15_7)"
172.16.0.88 - - [09/Jun/2026:10:51:25 +0000] "GET /static/js/app.js HTTP/1.1" 304 0 "https://example.com/" "Mozilla/5.0 (Windows NT 10.0; Win64; x64)"
192.168.1.10 - - [09/Jun/2026:10:54:32 +0000] "POST /api/orders HTTP/1.1" 502 0 "-" "python-requests/2.31.0"
10.0.0.5 - - [09/Jun/2026:10:57:39 +0000] "GET /api/reports HTTP/1.1" 200 15440 "https://example.com/" "Mozilla/5.0 (Macintosh; Intel Mac OS X 10_15_7)"
172.16.0.22 - - [09/Jun/2026:11:00:46 +0000] "GET /login HTTP/1.1" 200 2104 "-" "Mozilla/5.0 (Windows NT 10.0; Win64; x64)"
203.0.113.44 - - [09/Jun/2026:11:03:53 +0000] "GET /favicon.ico HTTP/1.1" 404 162 "https://example.com/" "Mozilla/5.0 (Macintosh; Intel Mac OS X 10_15_7)"
198.51.100.7 - - [09/Jun/2026:11:07:00 +0000] "GET /api/search HTTP/1.1" 200 1120 "-" "curl/8.4.0"
10.0.0.12 - - [09/Jun/2026:11:10:07 +0000] "GET /static/css/main.css HTTP/1.1" 200 8934 "https://example.com/" "Mozilla/5.0 (Windows NT 10.0; Win64; x64)"
192.168.1.55 - - [09/Jun/2026:11:13:14 +0000] "GET /api/users HTTP/1.1" 200 1842 "-" "Mozilla/5.0 (Macintosh; Intel Mac OS X 10_15_7)"
172.16.0.88 - - [09/Jun/2026:11:16:21 +0000] "GET / HTTP/1.1" 200 4521 "https://example.com/" "Mozilla/5.0 (Windows NT 10.0; Win64; x64)"
192.168.1.10 - - [09/Jun/2026:11:19:28 +0000] "GET /api/products?page=3 HTTP/1.1" 200 3012 "-" "python-requests/2.31.0"
10.0.0.5 - - [09/Jun/2026:11:22:35 +0000] "GET /dashboard HTTP/1.1" 200 7812 "https://example.com/" "Mozilla/5.0 (Macintosh; Intel Mac OS X 10_15_7)"
172.16.0.22 - - [09/Jun/2026:11:25:42 +0000] "GET /health HTTP/1.1" 200 15 "-" "curl/8.4.0"
203.0.113.44 - - [09/Jun/2026:11:28:49 +0000] "GET /docs HTTP/1.1" 200 12034 "-" "Mozilla/5.0 (Windows NT 10.0; Win64; x64)"
198.51.100.7 - - [09/Jun/2026:11:31:56 +0000] "GET /api/settings HTTP/1.1" 200 892 "https://example.com/" "Mozilla/5.0 (Macintosh; Intel Mac OS X 10_15_7)"
10.0.0.12 - - [09/Jun/2026:11:35:03 +0000] "GET /metrics HTTP/1.1" 200 4096 "-" "Googlebot/2.1 (+http://www.google.com/bot.html)"
192.168.1.55 - - [09/Jun/2026:11:38:10 +0000] "GET /static/js/app.js HTTP/1.1" 200 24567 "https://example.com/" "Mozilla/5.0 (Windows NT 10.0; Win64; x64)"
172.16.0.88 - - [09/Jun/2026:11:41:17 +0000] "GET /api/v2/items HTTP/1.1" 200 5678 "-" "Mozilla/5.0 (Macintosh; Intel Mac OS X 10_15_7)"
192.168.1.10 - - [09/Jun/2026:11:44:24 +0000] "GET /api/users HTTP/1.1" 200 1842 "https://example.com/" "curl/8.4.0"
10.0.0.5 - - [09/Jun/2026:11:47:31 +0000] "GET / HTTP/1.1" 200 4521 "-" "Mozilla/5.0 (Windows NT 10.0; Win64; x64)"
172.16.0.22 - - [09/Jun/2026:11:50:38 +0000] "GET /api/products HTTP/1.1" 200 3291 "https://example.com/" "Mozilla/5.0 (Macintosh; Intel Mac OS X 10_15_7)"
203.0.113.44 - - [09/Jun/2026:11:53:45 +0000] "GET /dashboard HTTP/1.1" 200 7812 "-" "python-requests/2.31.0"
198.51.100.7 - - [09/Jun/2026:11:56:52 +0000] "GET /static/css/main.css HTTP/1.1" 304 0 "https://example.com/" "Mozilla/5.0 (Windows NT 10.0; Win64; x64)"
10.0.0.12 - - [09/Jun/2026:11:59:59 +0000] "GET /login HTTP/1.1" 200 2104 "-" "Mozilla/5.0 (Macintosh; Intel Mac OS X 10_15_7)"
192.168.1.55 - - [09/Jun/2026:12:03:06 +0000] "GET /api/search?q=nginx HTTP/1.1" 200 1344 "https://example.com/" "Mozilla/5.0 (Windows NT 10.0; Win64; x64)"
172.16.0.88 - - [09/Jun/2026:12:06:13 +0000] "GET /health HTTP/1.1" 200 15 "-" "curl/8.4.0"
192.168.1.10 - - [09/Jun/2026:12:09:20 +0000] "GET /api/reports HTTP/1.1" 200 15440 "-" "Mozilla/5.0 (Macintosh; Intel Mac OS X 10_15_7)"
10.0.0.5 - - [09/Jun/2026:12:12:27 +0000] "GET /static/img/logo.png HTTP/1.1" 200 15432 "https://example.com/" "Mozilla/5.0 (Windows NT 10.0; Win64; x64)"
172.16.0.22 - - [09/Jun/2026:12:15:34 +0000] "GET /favicon.ico HTTP/1.1" 404 162 "-" "Mozilla/5.0 (Macintosh; Intel Mac OS X 10_15_7)"
203.0.113.44 - - [09/Jun/2026:12:18:41 +0000] "GET /docs HTTP/1.1" 200 12034 "https://example.com/" "Mozilla/5.0 (Windows NT 10.0; Win64; x64)"
198.51.100.7 - - [09/Jun/2026:12:21:48 +0000] "POST /api/orders HTTP/1.1" 201 512 "-" "python-requests/2.31.0"
10.0.0.12 - - [09/Jun/2026:12:24:55 +0000] "GET /api/users HTTP/1.1" 200 1842 "https://example.com/" "Mozilla/5.0 (Macintosh; Intel Mac OS X 10_15_7)"
192.168.1.55 - - [09/Jun/2026:12:28:02 +0000] "GET / HTTP/1.1" 200 4521 "-" "Mozilla/5.0 (Windows NT 10.0; Win64; x64)"
172.16.0.88 - - [09/Jun/2026:12:31:09 +0000] "GET /dashboard HTTP/1.1" 200 7812 "https://example.com/" "Mozilla/5.0 (Macintosh; Intel Mac OS X 10_15_7)"
192.168.1.10 - - [09/Jun/2026:12:34:16 +0000] "GET /api/products HTTP/1.1" 200 3291 "-" "curl/8.4.0"
10.0.0.5 - - [09/Jun/2026:12:37:23 +0000] "GET /static/js/app.js HTTP/1.1" 200 24567 "https://example.com/" "Mozilla/5.0 (Windows NT 10.0; Win64; x64)"
172.16.0.22 - - [09/Jun/2026:12:40:30 +0000] "GET /api/settings HTTP/1.1" 200 892 "-" "Mozilla/5.0 (Macintosh; Intel Mac OS X 10_15_7)"
203.0.113.44 - - [09/Jun/2026:12:43:37 +0000] "GET /metrics HTTP/1.1" 200 4096 "-" "Googlebot/2.1 (+http://www.google.com/bot.html)"
198.51.100.7 - - [09/Jun/2026:12:46:44 +0000] "GET /api/v2/items HTTP/1.1" 200 5678 "https://example.com/" "Mozilla/5.0 (Windows NT 10.0; Win64; x64)"
10.0.0.12 - - [09/Jun/2026:12:49:51 +0000] "GET /health HTTP/1.1" 200 15 "-" "curl/8.4.0"
192.168.1.55 - - [09/Jun/2026:12:52:58 +0000] "GET /login HTTP/1.1" 200 2104 "-" "Mozilla/5.0 (Macintosh; Intel Mac OS X 10_15_7)"
172.16.0.88 - - [09/Jun/2026:12:56:05 +0000] "GET /api/search HTTP/1.1" 200 1105 "https://example.com/" "Mozilla/5.0 (Windows NT 10.0; Win64; x64)"
192.168.1.10 - - [09/Jun/2026:12:59:12 +0000] "GET /static/css/main.css HTTP/1.1" 200 8934 "-" "Mozilla/5.0 (Macintosh; Intel Mac OS X 10_15_7)"
10.0.0.5 - - [09/Jun/2026:13:02:19 +0000] "GET /api/users HTTP/1.1" 200 1842 "https://example.com/" "python-requests/2.31.0"
172.16.0.22 - - [09/Jun/2026:13:05:26 +0000] "GET / HTTP/1.1" 200 4521 "-" "Mozilla/5.0 (Windows NT 10.0; Win64; x64)"
203.0.113.44 - - [09/Jun/2026:13:08:33 +0000] "GET /dashboard HTTP/1.1" 200 7812 "https://example.com/" "Mozilla/5.0 (Macintosh; Intel Mac OS X 10_15_7)"
198.51.100.7 - - [09/Jun/2026:13:11:40 +0000] "GET /api/products HTTP/1.1" 200 3291 "-" "curl/8.4.0"
10.0.0.12 - - [09/Jun/2026:13:14:47 +0000] "GET /docs HTTP/1.1" 200 12034 "https://example.com/" "Mozilla/5.0 (Windows NT 10.0; Win64; x64)"
192.168.1.55 - - [09/Jun/2026:13:17:54 +0000] "GET /static/js/app.js HTTP/1.1" 304 0 "-" "Mozilla/5.0 (Macintosh; Intel Mac OS X 10_15_7)"
172.16.0.88 - - [09/Jun/2026:13:21:01 +0000] "GET /api/reports HTTP/1.1" 403 89 "https://example.com/" "Mozilla/5.0 (Windows NT 10.0; Win64; x64)"
192.168.1.10 - - [09/Jun/2026:13:24:08 +0000] "GET /health HTTP/1.1" 200 15 "-" "curl/8.4.0"
10.0.0.5 - - [09/Jun/2026:13:27:15 +0000] "GET /favicon.ico HTTP/1.1" 404 162 "https://example.com/" "Mozilla/5.0 (Macintosh; Intel Mac OS X 10_15_7)"
172.16.0.22 - - [09/Jun/2026:13:30:22 +0000] "GET /api/users HTTP/1.1" 200 1842 "-" "Mozilla/5.0 (Windows NT 10.0; Win64; x64)"
203.0.113.44 - - [09/Jun/2026:13:33:29 +0000] "GET / HTTP/1.1" 200 4521 "https://example.com/" "Mozilla/5.0 (Macintosh; Intel Mac OS X 10_15_7)"
198.51.100.7 - - [09/Jun/2026:13:36:36 +0000] "GET /api/products HTTP/1.1" 200 3291 "-" "python-requests/2.31.0"
10.0.0.12 - - [09/Jun/2026:13:39:43 +0000] "GET /dashboard HTTP/1.1" 200 7812 "https://example.com/" "Mozilla/5.0 (Windows NT 10.0; Win64; x64)"
192.168.1.55 - - [09/Jun/2026:13:42:50 +0000] "GET /static/css/main.css HTTP/1.1" 200 8934 "-" "Mozilla/5.0 (Macintosh; Intel Mac OS X 10_15_7)"
172.16.0.88 - - [09/Jun/2026:13:45:57 +0000] "GET /login HTTP/1.1" 200 2104 "https://example.com/" "Mozilla/5.0 (Windows NT 10.0; Win64; x64)"
192.168.1.10 - - [09/Jun/2026:13:49:04 +0000] "GET /api/search?q=logs HTTP/1.1" 200 1267 "-" "curl/8.4.0"
10.0.0.5 - - [09/Jun/2026:13:52:11 +0000] "GET /metrics HTTP/1.1" 200 4096 "-" "Googlebot/2.1 (+http://www.google.com/bot.html)"
172.16.0.22 - - [09/Jun/2026:13:55:18 +0000] "GET /api/v2/items HTTP/1.1" 200 5678 "https://example.com/" "Mozilla/5.0 (Macintosh; Intel Mac OS X 10_15_7)"
203.0.113.44 - - [09/Jun/2026:13:58:25 +0000] "GET /health HTTP/1.1" 200 15 "-" "Mozilla/5.0 (Windows NT 10.0; Win64; x64)"
198.51.100.7 - - [09/Jun/2026:14:01:32 +0000] "GET /docs HTTP/1.1" 200 12034 "-" "Mozilla/5.0 (Macintosh; Intel Mac OS X 10_15_7)"
10.0.0.12 - - [09/Jun/2026:14:04:39 +0000] "GET /static/js/app.js HTTP/1.1" 200 24567 "https://example.com/" "Mozilla/5.0 (Windows NT 10.0; Win64; x64)"
192.168.1.55 - - [09/Jun/2026:14:07:46 +0000] "GET /api/users HTTP/1.1" 200 1842 "-" "python-requests/2.31.0"
172.16.0.88 - - [09/Jun/2026:14:10:53 +0000] "GET / HTTP/1.1" 200 4521 "https://example.com/" "Mozilla/5.0 (Macintosh; Intel Mac OS X 10_15_7)"
192.168.1.10 - - [09/Jun/2026:14:14:00 +0000] "GET /api/products HTTP/1.1" 200 3291 "-" "Mozilla/5.0 (Windows NT 10.0; Win64; x64)"
10.0.0.5 - - [09/Jun/2026:14:17:07 +0000] "GET /dashboard HTTP/1.1" 200 7812 "https://example.com/" "Mozilla/5.0 (Macintosh; Intel Mac OS X 10_15_7)"
172.16.0.22 - - [09/Jun/2026:14:20:14 +0000] "GET /static/css/main.css HTTP/1.1" 304 0 "-" "curl/8.4.0"
203.0.113.44 - - [09/Jun/2026:14:23:21 +0000] "GET /api/settings HTTP/1.1" 200 892 "https://example.com/" "Mozilla/5.0 (Windows NT 10.0; Win64; x64)"
198.51.100.7 - - [09/Jun/2026:14:26:28 +0000] "GET /api/reports HTTP/1.1" 200 15440 "-" "Mozilla/5.0 (Macintosh; Intel Mac OS X 10_15_7)"
10.0.0.12 - - [09/Jun/2026:14:29:35 +0000] "GET /login HTTP/1.1" 200 2104 "https://example.com/" "Mozilla/5.0 (Windows NT 10.0; Win64; x64)"
192.168.1.55 - - [09/Jun/2026:14:32:42 +0000] "GET /health HTTP/1.1" 200 15 "-" "curl/8.4.0"
172.16.0.88 - - [09/Jun/2026:14:35:49 +0000] "GET /favicon.ico HTTP/1.1" 404 162 "-" "Mozilla/5.0 (Macintosh; Intel Mac OS X 10_15_7)"
192.168.1.10 - - [09/Jun/2026:14:38:56 +0000] "POST /api/orders HTTP/1.1" 500 0 "-" "python-requests/2.31.0"
10.0.0.5 - - [09/Jun/2026:14:42:03 +0000] "GET /api/users HTTP/1.1" 200 1842 "https://example.com/" "Mozilla/5.0 (Windows NT 10.0; Win64; x64)"
172.16.0.22 - - [09/Jun/2026:14:45:10 +0000] "GET / HTTP/1.1" 200 4521 "-" "Mozilla/5.0 (Macintosh; Intel Mac OS X 10_15_7)"
203.0.113.44 - - [09/Jun/2026:14:48:17 +0000] "GET /api/products HTTP/1.1" 200 3291 "https://example.com/" "Mozilla/5.0 (Windows NT 10.0; Win64; x64)"
198.51.100.7 - - [09/Jun/2026:14:51:24 +0000] "GET /dashboard HTTP/1.1" 200 7812 "-" "curl/8.4.0"
10.0.0.12 - - [09/Jun/2026:14:54:31 +0000] "GET /static/js/app.js HTTP/1.1" 200 24567 "https://example.com/" "Mozilla/5.0 (Macintosh; Intel Mac OS X 10_15_7)"
192.168.1.55 - - [09/Jun/2026:14:57:38 +0000] "GET /api/search HTTP/1.1" 400 72 "-" "python-requests/2.31.0"
172.16.0.88 - - [09/Jun/2026:15:00:45 +0000] "GET /docs HTTP/1.1" 200 12034 "-" "Mozilla/5.0 (Windows NT 10.0; Win64; x64)"
192.168.1.10 - - [09/Jun/2026:15:03:52 +0000] "GET /metrics HTTP/1.1" 200 4096 "-" "Googlebot/2.1 (+http://www.google.com/bot.html)"
10.0.0.5 - - [09/Jun/2026:15:06:59 +0000] "GET /api/v2/items HTTP/1.1" 200 5678 "https://example.com/" "Mozilla/5.0 (Macintosh; Intel Mac OS X 10_15_7)"
172.16.0.22 - - [09/Jun/2026:15:10:06 +0000] "GET /health HTTP/1.1" 200 15 "-" "curl/8.4.0"
203.0.113.44 - - [09/Jun/2026:15:13:13 +0000] "GET /static/css/main.css HTTP/1.1" 200 8934 "https://example.com/" "Mozilla/5.0 (Windows NT 10.0; Win64; x64)"
198.51.100.7 - - [09/Jun/2026:15:16:20 +0000] "GET /api/users HTTP/1.1" 200 1842 "-" "Mozilla/5.0 (Macintosh; Intel Mac OS X 10_15_7)"
10.0.0.12 - - [09/Jun/2026:15:19:27 +0000] "GET / HTTP/1.1" 200 4521 "https://example.com/" "Mozilla/5.0 (Windows NT 10.0; Win64; x64)"
192.168.1.55 - - [09/Jun/2026:15:22:34 +0000] "GET /api/products HTTP/1.1" 200 3291 "-" "python-requests/2.31.0"
172.16.0.88 - - [09/Jun/2026:15:25:41 +0000] "GET /dashboard HTTP/1.1" 200 7812 "https://example.com/" "Mozilla/5.0 (Macintosh; Intel Mac OS X 10_15_7)"
203.0.113.44 - - [09/Jun/2026:15:28:48 +0000] "GET /static/js/app.js HTTP/1.1" 304 0 "https://example.com/" "Mozilla/5.0 (Windows NT 10.0; Win64; x64)"
198.51.100.7 - - [09/Jun/2026:15:31:55 +0000] "GET /api/users HTTP/1.1" 200 1842 "-" "curl/8.4.0"
10.0.0.12 - - [09/Jun/2026:15:35:02 +0000] "GET /login HTTP/1.1" 200 2104 "https://example.com/" "Mozilla/5.0 (Macintosh; Intel Mac OS X 10_15_7)"
192.168.1.55 - - [09/Jun/2026:15:38:09 +0000] "GET /api/products HTTP/1.1" 200 3291 "-" "python-requests/2.31.0"
172.16.0.22 - - [09/Jun/2026:15:41:16 +0000] "GET /health HTTP/1.1" 200 15 "-" "curl/8.4.0"
192.168.1.10 - - [09/Jun/2026:15:44:23 +0000] "GET /docs HTTP/1.1" 200 12034 "https://example.com/" "Mozilla/5.0 (Windows NT 10.0; Win64; x64)"
